worker-0:499021:500509 [0] NCCL INFO [Proxy Service] Device 0 CPU core 10
worker-0:499021:500510 [0] NCCL INFO [Proxy Service UDS] Device 0 CPU core 12
worker-0:499024:500432 [3] NCCL INFO PROFILER/Plugin: Could not find: libnccl-profiler.so. 
worker-0:499024:500511 [3] NCCL INFO [Proxy Service] Device 3 CPU core 12
worker-0:499024:500512 [3] NCCL INFO [Proxy Service UDS] Device 3 CPU core 10
worker-0:499022:500454 [1] NCCL INFO PROFILER/Plugin: Could not find: libnccl-profiler.so. 
worker-0:499022:500513 [1] NCCL INFO [Proxy Service] Device 1 CPU core 14
worker-0:499022:500514 [1] NCCL INFO [Proxy Service UDS] Device 1 CPU core 12
worker-0:499023:500315 [2] NCCL INFO PROFILER/Plugin: Could not find: libnccl-profiler.so. 
worker-0:499023:500515 [2] NCCL INFO [Proxy Service] Device 2 CPU core 4
worker-0:499023:500516 [2] NCCL INFO [Proxy Service UDS] Device 2 CPU core 14
worker-0:499026:500405 [5] NCCL INFO PROFILER/Plugin: Could not find: libnccl-profiler.so. 
worker-0:499026:500517 [5] NCCL INFO [Proxy Service] Device 5 CPU core 70
worker-0:499026:500518 [5] NCCL INFO [Proxy Service UDS] Device 5 CPU core 68
worker-0:499028:500322 [7] NCCL INFO PROFILER/Plugin: Could not find: libnccl-profiler.so. 
worker-0:499028:500519 [7] NCCL INFO [Proxy Service] Device 7 CPU core 68
worker-0:499028:500520 [7] NCCL INFO [Proxy Service UDS] Device 7 CPU core 78
worker-1:488691:489982 [1] NCCL INFO threadThresholds 8/8/64 | 128/8/64 | 512 | 512
worker-1:488691:489982 [1] NCCL INFO 16 coll channels, 16 collnet channels, 16 nvls channels, 16 p2p channels, 2 p2p channels per peer
worker-1:488692:489858 [2] NCCL INFO threadThresholds 8/8/64 | 128/8/64 | 512 | 512
worker-1:488692:489858 [2] NCCL INFO 16 coll channels, 16 collnet channels, 16 nvls channels, 16 p2p channels, 2 p2p channels per peer
worker-1:488693:489984 [3] NCCL INFO threadThresholds 8/8/64 | 128/8/64 | 512 | 512
worker-1:488693:489984 [3] NCCL INFO 16 coll channels, 16 collnet channels, 16 nvls channels, 16 p2p channels, 2 p2p channels per peer
worker-1:488695:489983 [5] NCCL INFO threadThresholds 8/8/64 | 128/8/64 | 512 | 512
worker-1:488694:489859 [4] NCCL INFO threadThresholds 8/8/64 | 128/8/64 | 512 | 512
worker-1:488694:489859 [4] NCCL INFO 16 coll channels, 16 collnet channels, 16 nvls channels, 16 p2p channels, 2 p2p channels per peer
worker-1:488695:489983 [5] NCCL INFO 16 coll channels, 16 collnet channels, 16 nvls channels, 16 p2p channels, 2 p2p channels per peer
worker-1:488690:489958 [0] NCCL INFO threadThresholds 8/8/64 | 128/8/64 | 512 | 512
worker-1:488690:489958 [0] NCCL INFO 16 coll channels, 16 collnet channels, 16 nvls channels, 16 p2p channels, 2 p2p channels per peer
worker-1:488696:489974 [6] NCCL INFO threadThresholds 8/8/64 | 128/8/64 | 512 | 512
worker-1:488696:489974 [6] NCCL INFO 16 coll channels, 16 collnet channels, 16 nvls channels, 16 p2p channels, 2 p2p channels per peer
worker-1:488697:489981 [7] NCCL INFO threadThresholds 8/8/64 | 128/8/64 | 512 | 512
worker-1:488697:489981 [7] NCCL INFO 16 coll channels, 16 collnet channels, 16 nvls channels, 16 p2p channels, 2 p2p channels per peer
worker-0:499023:500315 [2] NCCL INFO threadThresholds 8/8/64 | 128/8/64 | 512 | 512
worker-0:499023:500315 [2] NCCL INFO 16 coll channels, 16 collnet channels, 16 nvls channels, 16 p2p channels, 2 p2p channels per peer
worker-1:488693:489984 [3] NCCL INFO TUNER/Plugin: Could not find: libnccl-tuner.so. Using internal tuner plugin.
worker-1:488693:489984 [3] NCCL INFO ncclCommInitRankConfig comm 0x21ba4d30 rank 11 nranks 16 cudaDev 3 nvmlDev 3 busId 99000 commId 0x26983048adb8405b - Init COMPLETE
worker-1:488693:489984 [3] NCCL INFO Init timings - ncclCommInitRankConfig: rank 11 nranks 16 total 1.09 (kernels 0.29, alloc 0.44, bootstrap 0.00, allgathers 0.02, topo 0.05, graphs 0.01, connections 0.26, rest 0.01)
worker-0:499025:500453 [4] NCCL INFO threadThresholds 8/8/64 | 128/8/64 | 512 | 512
worker-0:499025:500453 [4] NCCL INFO 16 coll channels, 16 collnet channels, 16 nvls channels, 16 p2p channels, 2 p2p channels per peer
worker-0:499024:500432 [3] NCCL INFO threadThresholds 8/8/64 | 128/8/64 | 512 | 512
worker-0:499024:500432 [3] NCCL INFO 16 coll channels, 16 collnet channels, 16 nvls channels, 16 p2p channels, 2 p2p channels per peer
worker-0:499026:500405 [5] NCCL INFO threadThresholds 8/8/64 | 128/8/64 | 512 | 512
worker-0:499026:500405 [5] NCCL INFO 16 coll channels, 16 collnet channels, 16 nvls channels, 16 p2p channels, 2 p2p channels per peer
worker-0:499027:500455 [6] NCCL INFO threadThresholds 8/8/64 | 128/8/64 | 512 | 512
worker-0:499027:500455 [6] NCCL INFO 16 coll channels, 16 collnet channels, 16 nvls channels, 16 p2p channels, 2 p2p channels per peer
worker-0:499021:500314 [0] NCCL INFO threadThresholds 8/8/64 | 128/8/64 | 512 | 512
worker-1:488691:489982 [1] NCCL INFO TUNER/Plugin: Could not find: libnccl-tuner.so. Using internal tuner plugin.
worker-1:488691:489982 [1] NCCL INFO ncclCommInitRankConfig comm 0x44f30780 rank 9 nranks 16 cudaDev 1 nvmlDev 1 busId 91000 commId 0x26983048adb8405b - Init COMPLETE
worker-0:499021:500314 [0] NCCL INFO 16 coll channels, 16 collnet channels, 16 nvls channels, 16 p2p channels, 2 p2p channels per peer
worker-0:499028:500322 [7] NCCL INFO threadThresholds 8/8/64 | 128/8/64 | 512 | 512
worker-0:499028:500322 [7] NCCL INFO 16 coll channels, 16 collnet channels, 16 nvls channels, 16 p2p channels, 2 p2p channels per peer
worker-0:499022:500454 [1] NCCL INFO threadThresholds 8/8/64 | 128/8/64 | 512 | 512
worker-0:499022:500454 [1] NCCL INFO 16 coll channels, 16 collnet channels, 16 nvls channels, 16 p2p channels, 2 p2p channels per peer
worker-1:488691:489982 [1] NCCL INFO Init timings - ncclCommInitRankConfig: rank 9 nranks 16 total 1.13 (kernels 0.32, alloc 0.44, bootstrap 0.01, allgathers 0.02, topo 0.06, graphs 0.01, connections 0.26, rest 0.01)
worker-1:488697:489981 [7] NCCL INFO TUNER/Plugin: Could not find: libnccl-tuner.so. Using internal tuner plugin.
worker-1:488697:489981 [7] NCCL INFO ncclCommInitRankConfig comm 0x419fa860 rank 15 nranks 16 cudaDev 7 nvmlDev 7 busId b7000 commId 0x26983048adb8405b - Init COMPLETE
worker-1:488697:489981 [7] NCCL INFO Init timings - ncclCommInitRankConfig: rank 15 nranks 16 total 1.21 (kernels 0.36, alloc 0.37, bootstrap 0.13, allgathers 0.01, topo 0.06, graphs 0.01, connections 0.26, rest 0.01)
worker-0:499021:500314 [0] NCCL INFO CC Off, workFifoBytes 1048576
worker-1:488695:489983 [5] NCCL INFO TUNER/Plugin: Could not find: libnccl-tuner.so. Using internal tuner plugin.
worker-1:488695:489983 [5] NCCL INFO ncclCommInitRankConfig comm 0x3d0c5700 rank 13 nranks 16 cudaDev 5 nvmlDev 5 busId af000 commId 0x26983048adb8405b - Init COMPLETE
worker-1:488695:489983 [5] NCCL INFO Init timings - ncclCommInitRankConfig: rank 13 nranks 16 total 1.13 (kernels 0.33, alloc 0.44, bootstrap 0.00, allgathers 0.02, topo 0.06, graphs 0.01, connections 0.26, rest 0.01)
worker-1:488694:489859 [4] NCCL INFO TUNER/Plugin: Could not find: libnccl-tuner.so. Using internal tuner plugin.
worker-1:488694:489859 [4] NCCL INFO ncclCommInitRankConfig comm 0x1bf828b0 rank 12 nranks 16 cudaDev 4 nvmlDev 4 busId ab000 commId 0x26983048adb8405b - Init COMPLETE
worker-1:488694:489859 [4] NCCL INFO Init timings - ncclCommInitRankConfig: rank 12 nranks 16 total 7.33 (kernels 0.44, alloc 0.42, bootstrap 6.12, allgathers 0.02, topo 0.05, graphs 0.01, connections 0.26, rest 0.01)
worker-1:488690:489958 [0] NCCL INFO TUNER/Plugin: Could not find: libnccl-tuner.so. Using internal tuner plugin.
worker-1:488690:489958 [0] NCCL INFO ncclCommInitRankConfig comm 0x10448630 rank 8 nranks 16 cudaDev 0 nvmlDev 0 busId 8d000 commId 0x26983048adb8405b - Init COMPLETE
worker-1:488690:489958 [0] NCCL INFO Init timings - ncclCommInitRankConfig: rank 8 nranks 16 total 1.67 (kernels 0.26, alloc 0.20, bootstrap 0.86, allgathers 0.02, topo 0.06, graphs 0.01, connections 0.26, rest 0.01)
worker-1:488690:490070 [0] NCCL INFO Channel 02/0 : 8[0] -> 9[1] via P2P/CUMEM
worker-1:488690:490070 [0] NCCL INFO Channel 04/0 : 8[0] -> 9[1] via P2P/CUMEM
worker-1:488695:490068 [5] NCCL INFO Channel 00/0 : 13[5] -> 14[6] via P2P/CUMEM
worker-1:488690:490070 [0] NCCL INFO Channel 06/0 : 8[0] -> 9[1] via P2P/CUMEM
worker-1:488695:490068 [5] NCCL INFO Channel 02/0 : 13[5] -> 14[6] via P2P/CUMEM
worker-1:488690:490070 [0] NCCL INFO Channel 10/0 : 8[0] -> 9[1] via P2P/CUMEM
worker-1:488690:490070 [0] NCCL INFO Channel 12/0 : 8[0] -> 9[1] via P2P/CUMEM
worker-1:488695:490068 [5] NCCL INFO Channel 04/0 : 13[5] -> 14[6] via P2P/CUMEM
worker-1:488690:490070 [0] NCCL INFO Channel 14/0 : 8[0] -> 9[1] via P2P/CUMEM
worker-1:488695:490068 [5] NCCL INFO Channel 06/0 : 13[5] -> 14[6] via P2P/CUMEM
worker-1:488695:490068 [5] NCCL INFO Channel 08/0 : 13[5] -> 14[6] via P2P/CUMEM
worker-1:488695:490068 [5] NCCL INFO Channel 10/0 : 13[5] -> 14[6] via P2P/CUMEM
worker-1:488695:490068 [5] NCCL INFO Channel 12/0 : 13[5] -> 14[6] via P2P/CUMEM
worker-1:488695:490068 [5] NCCL INFO Channel 14/0 : 13[5] -> 14[6] via P2P/CUMEM
worker-1:488696:489974 [6] NCCL INFO TUNER/Plugin: Could not find: libnccl-tuner.so. Using internal tuner plugin.
worker-1:488696:489974 [6] NCCL INFO ncclCommInitRankConfig comm 0x3271d080 rank 14 nranks 16 cudaDev 6 nvmlDev 6 busId b3000 commId 0x26983048adb8405b - Init COMPLETE
worker-1:488696:489974 [6] NCCL INFO Init timings - ncclCommInitRankConfig: rank 14 nranks 16 total 1.37 (kernels 0.28, alloc 0.17, bootstrap 0.56, allgathers 0.02, topo 0.05, graphs 0.01, connections 0.26, rest 0.03)
worker-1:488692:489858 [2] NCCL INFO TUNER/Plugin: Could not find: libnccl-tuner.so. Using internal tuner plugin.
worker-1:488692:489858 [2] NCCL INFO ncclCommInitRankConfig comm 0x26d67730 rank 10 nranks 16 cudaDev 2 nvmlDev 2 busId 95000 commId 0x26983048adb8405b - Init COMPLETE
worker-1:488692:489858 [2] NCCL INFO Init timings - ncclCommInitRankConfig: rank 10 nranks 16 total 7.36 (kernels 0.44, alloc 0.39, bootstrap 6.16, allgathers 0.02, topo 0.06, graphs 0.01, connections 0.26, rest 0.03)
worker-0:499025:500453 [4] NCCL INFO TUNER/Plugin: Could not find: libnccl-tuner.so. Using internal tuner plugin.
worker-1:488693:490065 [3] NCCL INFO Channel 00/0 : 11[3] -> 12[4] via P2P/CUMEM
worker-0:499025:500453 [4] NCCL INFO ncclCommInitRankConfig comm 0x1987f2b0 rank 4 nranks 16 cudaDev 4 nvmlDev 4 busId ab000 commId 0x26983048adb8405b - Init COMPLETE
worker-0:499025:500453 [4] NCCL INFO Init timings - ncclCommInitRankConfig: rank 4 nranks 16 total 1.72 (kernels 0.26, alloc 0.32, bootstrap 0.75, allgathers 0.01, topo 0.06, graphs 0.02, connections 0.27, rest 0.03)
worker-0:499027:500455 [6] NCCL INFO TUNER/Plugin: Could not find: libnccl-tuner.so. Using internal tuner plugin.
worker-0:499027:500455 [6] NCCL INFO ncclCommInitRankConfig comm 0x40488050 rank 6 nranks 16 cudaDev 6 nvmlDev 6 busId b3000 commId 0x26983048adb8405b - Init COMPLETE
worker-0:499027:500455 [6] NCCL INFO Init timings - ncclCommInitRankConfig: rank 6 nranks 16 total 1.48 (kernels 0.45, alloc 0.17, bootstrap 0.47, allgathers 0.00, topo 0.06, graphs 0.02, connections 0.27, rest 0.03)
worker-1:488691:490066 [1] NCCL INFO Channel 00/0 : 9[1] -> 10[2] via P2P/CUMEM
worker-0:499023:500315 [2] NCCL INFO TUNER/Plugin: Could not find: libnccl-tuner.so. Using internal tuner plugin.
worker-0:499023:500315 [2] NCCL INFO ncclCommInitRankConfig comm 0x40f2bab0 rank 2 nranks 16 cudaDev 2 nvmlDev 2 busId 95000 commId 0x26983048adb8405b - Init COMPLETE
worker-0:499023:500315 [2] NCCL INFO Init timings - ncclCommInitRankConfig: rank 2 nranks 16 total 7.37 (kernels 0.42, alloc 0.72, bootstrap 5.85, allgathers 0.01, topo 0.06, graphs 0.01, connections 0.27, rest 0.04)
worker-1:488691:490066 [1] NCCL INFO Channel 02/0 : 9[1] -> 10[2] via P2P/CUMEM
worker-1:488693:490065 [3] NCCL INFO Channel 02/0 : 11[3] -> 12[4] via P2P/CUMEM
worker-0:499021:500314 [0] NCCL INFO TUNER/Plugin: Could not find: libnccl-tuner.so. Using internal tuner plugin.
worker-0:499021:500314 [0] NCCL INFO ncclCommInitRankConfig comm 0x22c49f10 rank 0 nranks 16 cudaDev 0 nvmlDev 0 busId 8d000 commId 0x26983048adb8405b - Init COMPLETE
worker-0:499021:500314 [0] NCCL INFO Init timings - ncclCommInitRankConfig: rank 0 nranks 16 total 7.39 (kernels 0.44, alloc 0.63, bootstrap 5.94, allgathers 0.01, topo 0.06, graphs 0.01, connections 0.27, rest 0.03)
worker-1:488693:490065 [3] NCCL INFO Channel 04/0 : 11[3] -> 12[4] via P2P/CUMEM
worker-1:488693:490065 [3] NCCL INFO Channel 06/0 : 11[3] -> 12[4] via P2P/CUMEM
worker-1:488694:490069 [4] NCCL INFO Channel 00/0 : 12[4] -> 13[5] via P2P/CUMEM
worker-1:488691:490066 [1] NCCL INFO Channel 04/0 : 9[1] -> 10[2] via P2P/CUMEM
worker-0:499028:500322 [7] NCCL INFO TUNER/Plugin: Could not find: libnccl-tuner.so. Using internal tuner plugin.
worker-0:499028:500322 [7] NCCL INFO ncclCommInitRankConfig comm 0x1e0909a0 rank 7 nranks 16 cudaDev 7 nvmlDev 7 busId b7000 commId 0x26983048adb8405b - Init COMPLETE
worker-0:499028:500322 [7] NCCL INFO Init timings - ncclCommInitRankConfig: rank 7 nranks 16 total 7.35 (kernels 0.40, alloc 0.73, bootstrap 5.84, allgathers 0.00, topo 0.06, graphs 0.02, connections 0.27, rest 0.03)
worker-1:488691:490066 [1] NCCL INFO Channel 06/0 : 9[1] -> 10[2] via P2P/CUMEM
worker-1:488693:490065 [3] NCCL INFO Channel 08/0 : 11[3] -> 12[4] via P2P/CUMEM
worker-0:499022:500454 [1] NCCL INFO TUNER/Plugin: Could not find: libnccl-tuner.so. Using internal tuner plugin.
worker-0:499022:500454 [1] NCCL INFO ncclCommInitRankConfig comm 0x1f94b780 rank 1 nranks 16 cudaDev 1 nvmlDev 1 busId 91000 commId 0x26983048adb8405b - Init COMPLETE
worker-0:499022:500454 [1] NCCL INFO Init timings - ncclCommInitRankConfig: rank 1 nranks 16 total 1.72 (kernels 0.27, alloc 0.30, bootstrap 0.77, allgathers 0.01, topo 0.06, graphs 0.01, connections 0.27, rest 0.04)
worker-1:488694:490069 [4] NCCL INFO Channel 02/0 : 12[4] -> 13[5] via P2P/CUMEM
worker-1:488694:490069 [4] NCCL INFO Channel 06/0 : 12[4] -> 13[5] via P2P/CUMEM
worker-1:488693:490065 [3] NCCL INFO Channel 10/0 : 11[3] -> 12[4] via P2P/CUMEM
worker-0:499024:500432 [3] NCCL INFO TUNER/Plugin: Could not find: libnccl-tuner.so. Using internal tuner plugin.
worker-0:499024:500432 [3] NCCL INFO ncclCommInitRankConfig comm 0x448457d0 rank 3 nranks 16 cudaDev 3 nvmlDev 3 busId 99000 commId 0x26983048adb8405b - Init COMPLETE
worker-0:499024:500432 [3] NCCL INFO Init timings - ncclCommInitRankConfig: rank 3 nranks 16 total 2.21 (kernels 0.33, alloc 0.19, bootstrap 1.30, allgathers 0.01, topo 0.06, graphs 0.01, connections 0.27, rest 0.03)
worker-1:488691:490066 [1] NCCL INFO Channel 08/0 : 9[1] -> 10[2] via P2P/CUMEM
worker-1:488694:490069 [4] NCCL INFO Channel 08/0 : 12[4] -> 13[5] via P2P/CUMEM
worker-1:488691:490066 [1] NCCL INFO Channel 10/0 : 9[1] -> 10[2] via P2P/CUMEM
worker-1:488693:490065 [3] NCCL INFO Channel 12/0 : 11[3] -> 12[4] via P2P/CUMEM
worker-0:499026:500405 [5] NCCL INFO TUNER/Plugin: Could not find: libnccl-tuner.so. Using internal tuner plugin.
worker-0:499026:500405 [5] NCCL INFO ncclCommInitRankConfig comm 0x19059460 rank 5 nranks 16 cudaDev 5 nvmlDev 5 busId af000 commId 0x26983048adb8405b - Init COMPLETE
worker-0:499026:500405 [5] NCCL INFO Init timings - ncclCommInitRankConfig: rank 5 nranks 16 total 2.49 (kernels 0.31, alloc 0.17, bootstrap 1.62, allgathers 0.01, topo 0.06, graphs 0.01, connections 0.27, rest 0.04)
worker-1:488694:490069 [4] NCCL INFO Channel 10/0 : 12[4] -> 13[5] via P2P/CUMEM
worker-1:488694:490069 [4] NCCL INFO Channel 14/0 : 12[4] -> 13[5] via P2P/CUMEM
worker-1:488693:490065 [3] NCCL INFO Channel 14/0 : 11[3] -> 12[4] via P2P/CUMEM
worker-1:488691:490066 [1] NCCL INFO Channel 12/0 : 9[1] -> 10[2] via P2P/CUMEM
worker-1:488691:490066 [1] NCCL INFO Channel 14/0 : 9[1] -> 10[2] via P2P/CUMEM
worker-1:488690:490070 [0] NCCL INFO Channel 01/0 : 8[0] -> 15[7] via P2P/CUMEM
worker-1:488690:490070 [0] NCCL INFO Channel 03/0 : 8[0] -> 15[7] via P2P/CUMEM
worker-1:488690:490070 [0] NCCL INFO Channel 05/0 : 8[0] -> 15[7] via P2P/CUMEM
worker-1:488690:490070 [0] NCCL INFO Channel 07/0 : 8[0] -> 15[7] via P2P/CUMEM
worker-1:488690:490070 [0] NCCL INFO Channel 09/0 : 8[0] -> 15[7] via P2P/CUMEM
worker-1:488690:490070 [0] NCCL INFO Channel 11/0 : 8[0] -> 15[7] via P2P/CUMEM
worker-1:488696:490071 [6] NCCL INFO Channel 00/0 : 14[6] -> 15[7] via P2P/CUMEM
worker-1:488690:490070 [0] NCCL INFO Channel 13/0 : 8[0] -> 15[7] via P2P/CUMEM
worker-1:488696:490071 [6] NCCL INFO Channel 02/0 : 14[6] -> 15[7] via P2P/CUMEM
worker-1:488696:490071 [6] NCCL INFO Channel 04/0 : 14[6] -> 15[7] via P2P/CUMEM
worker-1:488690:490070 [0] NCCL INFO Channel 15/0 : 8[0] -> 15[7] via P2P/CUMEM
worker-1:488696:490071 [6] NCCL INFO Channel 08/0 : 14[6] -> 15[7] via P2P/CUMEM
worker-1:488696:490071 [6] NCCL INFO Channel 10/0 : 14[6] -> 15[7] via P2P/CUMEM
worker-1:488696:490071 [6] NCCL INFO Channel 12/0 : 14[6] -> 15[7] via P2P/CUMEM
worker-1:488692:490072 [2] NCCL INFO Channel 00/0 : 10[2] -> 11[3] via P2P/CUMEM
worker-1:488692:490072 [2] NCCL INFO Channel 04/0 : 10[2] -> 11[3] via P2P/CUMEM
worker-1:488692:490072 [2] NCCL INFO Channel 06/0 : 10[2] -> 11[3] via P2P/CUMEM
worker-1:488692:490072 [2] NCCL INFO Channel 08/0 : 10[2] -> 11[3] via P2P/CUMEM
worker-1:488692:490072 [2] NCCL INFO Channel 12/0 : 10[2] -> 11[3] via P2P/CUMEM
worker-1:488692:490072 [2] NCCL INFO Channel 14/0 : 10[2] -> 11[3] via P2P/CUMEM
worker-1:488696:490073 [6] NCCL INFO [Proxy Progress] Device 6 CPU core 79
worker-1:488696:490071 [6] NCCL INFO Channel 07/0 : 6[6] -> 14[6] [receive] via NET/IB/2/GDRDMA
worker-1:488696:490071 [6] NCCL INFO Channel 15/0 : 6[6] -> 14[6] [receive] via NET/IB/2/GDRDMA
worker-1:488696:490071 [6] NCCL INFO Channel 06/0 : 14[6] -> 6[6] [send] via NET/IB/2/GDRDMA
worker-1:488696:490071 [6] NCCL INFO Channel 14/0 : 14[6] -> 6[6] [send] via NET/IB/2/GDRDMA
worker-1:488697:490074 [7] NCCL INFO [Proxy Progress] Device 7 CPU core 79
worker-1:488690:490075 [0] NCCL INFO [Proxy Progress] Device 0 CPU core 4
worker-1:488697:490067 [7] NCCL INFO Channel 06/0 : 7[7] -> 15[7] [receive] via NET/IB/3/GDRDMA
worker-1:488697:490067 [7] NCCL INFO Channel 14/0 : 7[7] -> 15[7] [receive] via NET/IB/3/GDRDMA
worker-1:488690:490070 [0] NCCL INFO Channel 01/0 : 0[0] -> 8[0] [receive] via NET/IB/4/GDRDMA
worker-1:488697:490067 [7] NCCL INFO Channel 07/0 : 15[7] -> 7[7] [send] via NET/IB/3/GDRDMA
worker-1:488690:490070 [0] NCCL INFO Channel 09/0 : 0[0] -> 8[0] [receive] via NET/IB/4/GDRDMA
worker-1:488697:490067 [7] NCCL INFO Channel 15/0 : 15[7] -> 7[7] [send] via NET/IB/3/GDRDMA
worker-1:488690:490070 [0] NCCL INFO Channel 00/0 : 8[0] -> 0[0] [send] via NET/IB/4/GDRDMA
worker-1:488690:490070 [0] NCCL INFO Channel 08/0 : 8[0] -> 0[0] [send] via NET/IB/4/GDRDMA
worker-1:488694:490076 [4] NCCL INFO [Proxy Progress] Device 4 CPU core 76
worker-1:488694:490069 [4] NCCL INFO Channel 05/0 : 4[4] -> 12[4] [receive] via NET/IB/0/GDRDMA
worker-1:488694:490069 [4] NCCL INFO Channel 13/0 : 4[4] -> 12[4] [receive] via NET/IB/0/GDRDMA
worker-1:488694:490069 [4] NCCL INFO Channel 04/0 : 12[4] -> 4[4] [send] via NET/IB/0/GDRDMA
worker-1:488694:490069 [4] NCCL INFO Channel 12/0 : 12[4] -> 4[4] [send] via NET/IB/0/GDRDMA
worker-0:499021:500527 [0] NCCL INFO Channel 03/0 : 0[0] -> 1[1] via P2P/CUMEM
worker-1:488695:490077 [5] NCCL INFO [Proxy Progress] Device 5 CPU core 75
worker-0:499021:500527 [0] NCCL INFO Channel 05/0 : 0[0] -> 1[1] via P2P/CUMEM
worker-1:488695:490068 [5] NCCL INFO Channel 04/0 : 5[5] -> 13[5] [receive] via NET/IB/1/GDRDMA
worker-1:488695:490068 [5] NCCL INFO Channel 12/0 : 5[5] -> 13[5] [receive] via NET/IB/1/GDRDMA
worker-1:488695:490068 [5] NCCL INFO Channel 05/0 : 13[5] -> 5[5] [send] via NET/IB/1/GDRDMA
worker-1:488695:490068 [5] NCCL INFO Channel 13/0 : 13[5] -> 5[5] [send] via NET/IB/1/GDRDMA
worker-0:499021:500527 [0] NCCL INFO Channel 07/0 : 0[0] -> 1[1] via P2P/CUMEM
worker-0:499021:500527 [0] NCCL INFO Channel 11/0 : 0[0] -> 1[1] via P2P/CUMEM
worker-0:499021:500527 [0] NCCL INFO Channel 13/0 : 0[0] -> 1[1] via P2P/CUMEM
worker-0:499021:500527 [0] NCCL INFO Channel 15/0 : 0[0] -> 1[1] via P2P/CUMEM
worker-0:499022:500525 [1] NCCL INFO Channel 01/0 : 1[1] -> 2[2] via P2P/CUMEM
worker-0:499025:500521 [4] NCCL INFO Channel 01/0 : 4[4] -> 5[5] via P2P/CUMEM
worker-0:499027:500524 [6] NCCL INFO Channel 01/0 : 6[6] -> 7[7] via P2P/CUMEM
worker-0:499022:500525 [1] NCCL INFO Channel 03/0 : 1[1] -> 2[2] via P2P/CUMEM
worker-0:499025:500521 [4] NCCL INFO Channel 03/0 : 4[4] -> 5[5] via P2P/CUMEM
worker-0:499027:500524 [6] NCCL INFO Channel 03/0 : 6[6] -> 7[7] via P2P/CUMEM
worker-0:499022:500525 [1] NCCL INFO Channel 05/0 : 1[1] -> 2[2] via P2P/CUMEM
worker-0:499025:500521 [4] NCCL INFO Channel 07/0 : 4[4] -> 5[5] via P2P/CUMEM
worker-0:499027:500524 [6] NCCL INFO Channel 05/0 : 6[6] -> 7[7] via P2P/CUMEM
worker-1:488692:490078 [2] NCCL INFO [Proxy Progress] Device 2 CPU core 10
worker-0:499022:500525 [1] NCCL INFO Channel 07/0 : 1[1] -> 2[2] via P2P/CUMEM
worker-0:499025:500521 [4] NCCL INFO Channel 09/0 : 4[4] -> 5[5] via P2P/CUMEM
worker-0:499027:500524 [6] NCCL INFO Channel 09/0 : 6[6] -> 7[7] via P2P/CUMEM
worker-0:499022:500525 [1] NCCL INFO Channel 09/0 : 1[1] -> 2[2] via P2P/CUMEM
worker-0:499025:500521 [4] NCCL INFO Channel 11/0 : 4[4] -> 5[5] via P2P/CUMEM
worker-1:488692:490072 [2] NCCL INFO Channel 03/0 : 2[2] -> 10[2] [receive] via NET/IB/6/GDRDMA
worker-1:488692:490072 [2] NCCL INFO Channel 11/0 : 2[2] -> 10[2] [receive] via NET/IB/6/GDRDMA
worker-1:488692:490072 [2] NCCL INFO Channel 02/0 : 10[2] -> 2[2] [send] via NET/IB/6/GDRDMA
worker-1:488692:490072 [2] NCCL INFO Channel 10/0 : 10[2] -> 2[2] [send] via NET/IB/6/GDRDMA
worker-0:499027:500524 [6] NCCL INFO Channel 11/0 : 6[6] -> 7[7] via P2P/CUMEM
worker-0:499022:500525 [1] NCCL INFO Channel 11/0 : 1[1] -> 2[2] via P2P/CUMEM
worker-0:499025:500521 [4] NCCL INFO Channel 15/0 : 4[4] -> 5[5] via P2P/CUMEM
worker-0:499027:500524 [6] NCCL INFO Channel 13/0 : 6[6] -> 7[7] via P2P/CUMEM
worker-0:499022:500525 [1] NCCL INFO Channel 13/0 : 1[1] -> 2[2] via P2P/CUMEM
worker-1:488693:490079 [3] NCCL INFO [Proxy Progress] Device 3 CPU core 8
worker-1:488691:490080 [1] NCCL INFO [Proxy Progress] Device 1 CPU core 12
worker-1:488691:490066 [1] NCCL INFO Channel 00/0 : 1[1] -> 9[1] [receive] via NET/IB/5/GDRDMA
worker-1:488693:490065 [3] NCCL INFO Channel 02/0 : 3[3] -> 11[3] [receive] via NET/IB/7/GDRDMA
worker-1:488691:490066 [1] NCCL INFO Channel 08/0 : 1[1] -> 9[1] [receive] via NET/IB/5/GDRDMA
worker-1:488693:490065 [3] NCCL INFO Channel 10/0 : 3[3] -> 11[3] [receive] via NET/IB/7/GDRDMA
worker-1:488691:490066 [1] NCCL INFO Channel 01/0 : 9[1] -> 1[1] [send] via NET/IB/5/GDRDMA
worker-1:488693:490065 [3] NCCL INFO Channel 03/0 : 11[3] -> 3[3] [send] via NET/IB/7/GDRDMA
worker-1:488691:490066 [1] NCCL INFO Channel 09/0 : 9[1] -> 1[1] [send] via NET/IB/5/GDRDMA
worker-1:488693:490065 [3] NCCL INFO Channel 11/0 : 11[3] -> 3[3] [send] via NET/IB/7/GDRDMA
worker-0:499022:500525 [1] NCCL INFO Channel 15/0 : 1[1] -> 2[2] via P2P/CUMEM
worker-0:499021:500527 [0] NCCL INFO Channel 00/0 : 0[0] -> 7[7] via P2P/CUMEM
worker-0:499021:500527 [0] NCCL INFO Channel 02/0 : 0[0] -> 7[7] via P2P/CUMEM
worker-0:499021:500527 [0] NCCL INFO Channel 04/0 : 0[0] -> 7[7] via P2P/CUMEM
worker-0:499021:500527 [0] NCCL INFO Channel 06/0 : 0[0] -> 7[7] via P2P/CUMEM
worker-0:499021:500527 [0] NCCL INFO Channel 08/0 : 0[0] -> 7[7] via P2P/CUMEM
worker-0:499021:500527 [0] NCCL INFO Channel 10/0 : 0[0] -> 7[7] via P2P/CUMEM
worker-0:499021:500527 [0] NCCL INFO Channel 12/0 : 0[0] -> 7[7] via P2P/CUMEM
worker-0:499021:500527 [0] NCCL INFO Channel 14/0 : 0[0] -> 7[7] via P2P/CUMEM
worker-0:499026:500523 [5] NCCL INFO Channel 01/0 : 5[5] -> 6[6] via P2P/CUMEM
worker-0:499026:500523 [5] NCCL INFO Channel 03/0 : 5[5] -> 6[6] via P2P/CUMEM
worker-0:499026:500523 [5] NCCL INFO Channel 05/0 : 5[5] -> 6[6] via P2P/CUMEM
worker-0:499026:500523 [5] NCCL INFO Channel 07/0 : 5[5] -> 6[6] via P2P/CUMEM
worker-0:499026:500523 [5] NCCL INFO Channel 09/0 : 5[5] -> 6[6] via P2P/CUMEM
worker-0:499023:500526 [2] NCCL INFO Channel 01/0 : 2[2] -> 3[3] via P2P/CUMEM
worker-0:499026:500523 [5] NCCL INFO Channel 11/0 : 5[5] -> 6[6] via P2P/CUMEM
worker-0:499023:500526 [2] NCCL INFO Channel 05/0 : 2[2] -> 3[3] via P2P/CUMEM
worker-0:499026:500523 [5] NCCL INFO Channel 13/0 : 5[5] -> 6[6] via P2P/CUMEM
worker-0:499023:500526 [2] NCCL INFO Channel 07/0 : 2[2] -> 3[3] via P2P/CUMEM
worker-0:499023:500526 [2] NCCL INFO Channel 09/0 : 2[2] -> 3[3] via P2P/CUMEM
worker-0:499026:500523 [5] NCCL INFO Channel 15/0 : 5[5] -> 6[6] via P2P/CUMEM
worker-0:499023:500526 [2] NCCL INFO Channel 13/0 : 2[2] -> 3[3] via P2P/CUMEM
worker-0:499023:500526 [2] NCCL INFO Channel 15/0 : 2[2] -> 3[3] via P2P/CUMEM
worker-0:499024:500528 [3] NCCL INFO Channel 01/0 : 3[3] -> 4[4] via P2P/CUMEM
worker-1:488697:490067 [7] NCCL INFO Channel 00/0 : 15[7] -> 8[0] via P2P/CUMEM
worker-0:499024:500528 [3] NCCL INFO Channel 03/0 : 3[3] -> 4[4] via P2P/CUMEM
worker-0:499024:500528 [3] NCCL INFO Channel 05/0 : 3[3] -> 4[4] via P2P/CUMEM
worker-0:499024:500528 [3] NCCL INFO Channel 07/0 : 3[3] -> 4[4] via P2P/CUMEM
worker-0:499024:500528 [3] NCCL INFO Channel 09/0 : 3[3] -> 4[4] via P2P/CUMEM
worker-0:499024:500528 [3] NCCL INFO Channel 11/0 : 3[3] -> 4[4] via P2P/CUMEM
worker-0:499024:500528 [3] NCCL INFO Channel 13/0 : 3[3] -> 4[4] via P2P/CUMEM
worker-0:499024:500528 [3] NCCL INFO Channel 15/0 : 3[3] -> 4[4] via P2P/CUMEM
worker-0:499021:500529 [0] NCCL INFO [Proxy Progress] Device 0 CPU core 9
worker-0:499021:500527 [0] NCCL INFO Channel 00/0 : 8[0] -> 0[0] [receive] via NET/IB/4/GDRDMA
worker-0:499021:500527 [0] NCCL INFO Channel 08/0 : 8[0] -> 0[0] [receive] via NET/IB/4/GDRDMA
worker-0:499021:500527 [0] NCCL INFO Channel 01/0 : 0[0] -> 8[0] [send] via NET/IB/4/GDRDMA
worker-0:499021:500527 [0] NCCL INFO Channel 09/0 : 0[0] -> 8[0] [send] via NET/IB/4/GDRDMA
worker-1:488697:490067 [7] NCCL INFO Channel 02/0 : 15[7] -> 8[0] via P2P/CUMEM
worker-1:488697:490067 [7] NCCL INFO Channel 04/0 : 15[7] -> 8[0] via P2P/CUMEM
worker-1:488697:490067 [7] NCCL INFO Channel 06/0 : 15[7] -> 8[0] via P2P/CUMEM
worker-1:488697:490067 [7] NCCL INFO Channel 08/0 : 15[7] -> 8[0] via P2P/CUMEM
worker-1:488697:490067 [7] NCCL INFO Channel 10/0 : 15[7] -> 8[0] via P2P/CUMEM
worker-1:488697:490067 [7] NCCL INFO Channel 12/0 : 15[7] -> 8[0] via P2P/CUMEM
worker-1:488697:490067 [7] NCCL INFO Channel 14/0 : 15[7] -> 8[0] via P2P/CUMEM
worker-1:488697:490067 [7] NCCL INFO Channel 01/0 : 15[7] -> 14[6] via P2P/CUMEM
worker-1:488697:490067 [7] NCCL INFO Channel 03/0 : 15[7] -> 14[6] via P2P/CUMEM
worker-1:488697:490067 [7] NCCL INFO Channel 05/0 : 15[7] -> 14[6] via P2P/CUMEM
worker-1:488697:490067 [7] NCCL INFO Channel 09/0 : 15[7] -> 14[6] via P2P/CUMEM
worker-1:488697:490067 [7] NCCL INFO Channel 11/0 : 15[7] -> 14[6] via P2P/CUMEM
worker-0:499028:500530 [7] NCCL INFO [Proxy Progress] Device 7 CPU core 71
worker-0:499028:500522 [7] NCCL INFO Channel 07/0 : 15[7] -> 7[7] [receive] via NET/IB/3/GDRDMA
worker-0:499028:500522 [7] NCCL INFO Channel 15/0 : 15[7] -> 7[7] [receive] via NET/IB/3/GDRDMA
worker-0:499028:500522 [7] NCCL INFO Channel 06/0 : 7[7] -> 15[7] [send] via NET/IB/3/GDRDMA
worker-0:499028:500522 [7] NCCL INFO Channel 14/0 : 7[7] -> 15[7] [send] via NET/IB/3/GDRDMA
worker-0:499028:500522 [7] NCCL INFO Channel 01/0 : 7[7] -> 0[0] via P2P/CUMEM
worker-0:499028:500522 [7] NCCL INFO Channel 03/0 : 7[7] -> 0[0] via P2P/CUMEM
worker-0:499028:500522 [7] NCCL INFO Channel 05/0 : 7[7] -> 0[0] via P2P/CUMEM
worker-0:499028:500522 [7] NCCL INFO Channel 07/0 : 7[7] -> 0[0] via P2P/CUMEM
worker-0:499028:500522 [7] NCCL INFO Channel 09/0 : 7[7] -> 0[0] via P2P/CUMEM
worker-0:499028:500522 [7] NCCL INFO Channel 11/0 : 7[7] -> 0[0] via P2P/CUMEM
worker-0:499028:500522 [7] NCCL INFO Channel 13/0 : 7[7] -> 0[0] via P2P/CUMEM
worker-1:488697:490067 [7] NCCL INFO Channel 13/0 : 15[7] -> 14[6] via P2P/CUMEM
worker-1:488692:490072 [2] NCCL INFO Channel 01/0 : 10[2] -> 9[1] via P2P/CUMEM
worker-1:488691:490066 [1] NCCL INFO Channel 03/0 : 9[1] -> 8[0] via P2P/CUMEM
worker-1:488692:490072 [2] NCCL INFO Channel 03/0 : 10[2] -> 9[1] via P2P/CUMEM
worker-1:488695:490068 [5] NCCL INFO Channel 01/0 : 13[5] -> 12[4] via P2P/CUMEM
worker-1:488691:490066 [1] NCCL INFO Channel 05/0 : 9[1] -> 8[0] via P2P/CUMEM
worker-1:488696:490071 [6] NCCL INFO Channel 01/0 : 14[6] -> 13[5] via P2P/CUMEM
worker-1:488691:490066 [1] NCCL INFO Channel 07/0 : 9[1] -> 8[0] via P2P/CUMEM
worker-1:488692:490072 [2] NCCL INFO Channel 05/0 : 10[2] -> 9[1] via P2P/CUMEM
worker-1:488693:490065 [3] NCCL INFO Channel 01/0 : 11[3] -> 10[2] via P2P/CUMEM
worker-1:488695:490068 [5] NCCL INFO Channel 03/0 : 13[5] -> 12[4] via P2P/CUMEM
worker-1:488693:490065 [3] NCCL INFO Channel 05/0 : 11[3] -> 10[2] via P2P/CUMEM
worker-0:499028:500522 [7] NCCL INFO Channel 15/0 : 7[7] -> 0[0] via P2P/CUMEM
worker-0:499028:500522 [7] NCCL INFO Channel 00/0 : 7[7] -> 6[6] via P2P/CUMEM
worker-0:499028:500522 [7] NCCL INFO Channel 02/0 : 7[7] -> 6[6] via P2P/CUMEM
worker-0:499028:500522 [7] NCCL INFO Channel 04/0 : 7[7] -> 6[6] via P2P/CUMEM
worker-0:499028:500522 [7] NCCL INFO Channel 08/0 : 7[7] -> 6[6] via P2P/CUMEM
worker-0:499028:500522 [7] NCCL INFO Channel 10/0 : 7[7] -> 6[6] via P2P/CUMEM
worker-0:499028:500522 [7] NCCL INFO Channel 12/0 : 7[7] -> 6[6] via P2P/CUMEM
worker-0:499022:500531 [1] NCCL INFO [Proxy Progress] Device 1 CPU core 3
worker-0:499022:500525 [1] NCCL INFO Channel 01/0 : 9[1] -> 1[1] [receive] via NET/IB/5/GDRDMA
worker-0:499022:500525 [1] NCCL INFO Channel 09/0 : 9[1] -> 1[1] [receive] via NET/IB/5/GDRDMA
worker-0:499022:500525 [1] NCCL INFO Channel 00/0 : 1[1] -> 9[1] [send] via NET/IB/5/GDRDMA
worker-0:499022:500525 [1] NCCL INFO Channel 08/0 : 1[1] -> 9[1] [send] via NET/IB/5/GDRDMA
worker-1:488691:490066 [1] NCCL INFO Channel 11/0 : 9[1] -> 8[0] via P2P/CUMEM
worker-1:488692:490072 [2] NCCL INFO Channel 07/0 : 10[2] -> 9[1] via P2P/CUMEM
worker-1:488696:490071 [6] NCCL INFO Channel 03/0 : 14[6] -> 13[5] via P2P/CUMEM
worker-1:488696:490071 [6] NCCL INFO Channel 05/0 : 14[6] -> 13[5] via P2P/CUMEM
worker-1:488692:490072 [2] NCCL INFO Channel 09/0 : 10[2] -> 9[1] via P2P/CUMEM
worker-1:488691:490066 [1] NCCL INFO Channel 13/0 : 9[1] -> 8[0] via P2P/CUMEM
worker-1:488694:490069 [4] NCCL INFO Channel 01/0 : 12[4] -> 11[3] via P2P/CUMEM
worker-1:488693:490065 [3] NCCL INFO Channel 07/0 : 11[3] -> 10[2] via P2P/CUMEM
worker-1:488692:490072 [2] NCCL INFO Channel 11/0 : 10[2] -> 9[1] via P2P/CUMEM
worker-1:488695:490068 [5] NCCL INFO Channel 07/0 : 13[5] -> 12[4] via P2P/CUMEM
worker-1:488691:490066 [1] NCCL INFO Channel 15/0 : 9[1] -> 8[0] via P2P/CUMEM
worker-1:488693:490065 [3] NCCL INFO Channel 09/0 : 11[3] -> 10[2] via P2P/CUMEM
worker-0:499026:500532 [5] NCCL INFO [Proxy Progress] Device 5 CPU core 70
worker-0:499026:500523 [5] NCCL INFO Channel 05/0 : 13[5] -> 5[5] [receive] via NET/IB/1/GDRDMA
worker-0:499026:500523 [5] NCCL INFO Channel 13/0 : 13[5] -> 5[5] [receive] via NET/IB/1/GDRDMA
worker-0:499023:500533 [2] NCCL INFO [Proxy Progress] Device 2 CPU core 8
worker-0:499026:500523 [5] NCCL INFO Channel 04/0 : 5[5] -> 13[5] [send] via NET/IB/1/GDRDMA
worker-0:499023:500526 [2] NCCL INFO Channel 02/0 : 10[2] -> 2[2] [receive] via NET/IB/6/GDRDMA
worker-0:499026:500523 [5] NCCL INFO Channel 12/0 : 5[5] -> 13[5] [send] via NET/IB/1/GDRDMA
worker-0:499023:500526 [2] NCCL INFO Channel 10/0 : 10[2] -> 2[2] [receive] via NET/IB/6/GDRDMA
worker-0:499023:500526 [2] NCCL INFO Channel 03/0 : 2[2] -> 10[2] [send] via NET/IB/6/GDRDMA
worker-0:499023:500526 [2] NCCL INFO Channel 11/0 : 2[2] -> 10[2] [send] via NET/IB/6/GDRDMA
worker-0:499024:500535 [3] NCCL INFO [Proxy Progress] Device 3 CPU core 6
worker-1:488692:490072 [2] NCCL INFO Channel 13/0 : 10[2] -> 9[1] via P2P/CUMEM
worker-1:488696:490071 [6] NCCL INFO Channel 07/0 : 14[6] -> 13[5] via P2P/CUMEM
worker-1:488693:490065 [3] NCCL INFO Channel 13/0 : 11[3] -> 10[2] via P2P/CUMEM
worker-1:488695:490068 [5] NCCL INFO Channel 09/0 : 13[5] -> 12[4] via P2P/CUMEM
worker-1:488694:490069 [4] NCCL INFO Channel 03/0 : 12[4] -> 11[3] via P2P/CUMEM
worker-1:488694:490069 [4] NCCL INFO Channel 05/0 : 12[4] -> 11[3] via P2P/CUMEM
worker-1:488696:490071 [6] NCCL INFO Channel 09/0 : 14[6] -> 13[5] via P2P/CUMEM
worker-1:488695:490068 [5] NCCL INFO Channel 11/0 : 13[5] -> 12[4] via P2P/CUMEM
worker-1:488693:490065 [3] NCCL INFO Channel 15/0 : 11[3] -> 10[2] via P2P/CUMEM
worker-1:488692:490072 [2] NCCL INFO Channel 15/0 : 10[2] -> 9[1] via P2P/CUMEM
worker-1:488695:490068 [5] NCCL INFO Channel 15/0 : 13[5] -> 12[4] via P2P/CUMEM
worker-1:488694:490069 [4] NCCL INFO Channel 07/0 : 12[4] -> 11[3] via P2P/CUMEM
worker-0:499027:500534 [6] NCCL INFO [Proxy Progress] Device 6 CPU core 73
worker-1:488696:490071 [6] NCCL INFO Channel 11/0 : 14[6] -> 13[5] via P2P/CUMEM
worker-0:499027:500524 [6] NCCL INFO Channel 06/0 : 14[6] -> 6[6] [receive] via NET/IB/2/GDRDMA
worker-0:499024:500528 [3] NCCL INFO Channel 03/0 : 11[3] -> 3[3] [receive] via NET/IB/7/GDRDMA
worker-0:499027:500524 [6] NCCL INFO Channel 14/0 : 14[6] -> 6[6] [receive] via NET/IB/2/GDRDMA
worker-0:499024:500528 [3] NCCL INFO Channel 11/0 : 11[3] -> 3[3] [receive] via NET/IB/7/GDRDMA
worker-0:499027:500524 [6] NCCL INFO Channel 07/0 : 6[6] -> 14[6] [send] via NET/IB/2/GDRDMA
worker-0:499024:500528 [3] NCCL INFO Channel 02/0 : 3[3] -> 11[3] [send] via NET/IB/7/GDRDMA
worker-0:499027:500524 [6] NCCL INFO Channel 15/0 : 6[6] -> 14[6] [send] via NET/IB/2/GDRDMA
worker-0:499024:500528 [3] NCCL INFO Channel 10/0 : 3[3] -> 11[3] [send] via NET/IB/7/GDRDMA
worker-0:499025:500536 [4] NCCL INFO [Proxy Progress] Device 4 CPU core 72
worker-0:499025:500521 [4] NCCL INFO Channel 04/0 : 12[4] -> 4[4] [receive] via NET/IB/0/GDRDMA
worker-0:499025:500521 [4] NCCL INFO Channel 12/0 : 12[4] -> 4[4] [receive] via NET/IB/0/GDRDMA
worker-1:488696:490071 [6] NCCL INFO Channel 13/0 : 14[6] -> 13[5] via P2P/CUMEM
worker-1:488694:490069 [4] NCCL INFO Channel 09/0 : 12[4] -> 11[3] via P2P/CUMEM
worker-0:499025:500521 [4] NCCL INFO Channel 05/0 : 4[4] -> 12[4] [send] via NET/IB/0/GDRDMA
worker-0:499025:500521 [4] NCCL INFO Channel 13/0 : 4[4] -> 12[4] [send] via NET/IB/0/GDRDMA
worker-0:499022:500525 [1] NCCL INFO Channel 02/0 : 1[1] -> 0[0] via P2P/CUMEM
worker-0:499022:500525 [1] NCCL INFO Channel 04/0 : 1[1] -> 0[0] via P2P/CUMEM
worker-0:499022:500525 [1] NCCL INFO Channel 06/0 : 1[1] -> 0[0] via P2P/CUMEM
worker-0:499022:500525 [1] NCCL INFO Channel 10/0 : 1[1] -> 0[0] via P2P/CUMEM
worker-0:499022:500525 [1] NCCL INFO Channel 12/0 : 1[1] -> 0[0] via P2P/CUMEM
worker-0:499022:500525 [1] NCCL INFO Channel 14/0 : 1[1] -> 0[0] via P2P/CUMEM
worker-0:499023:500526 [2] NCCL INFO Channel 00/0 : 2[2] -> 1[1] via P2P/CUMEM
worker-0:499023:500526 [2] NCCL INFO Channel 02/0 : 2[2] -> 1[1] via P2P/CUMEM
worker-0:499025:500521 [4] NCCL INFO Channel 00/0 : 4[4] -> 3[3] via P2P/CUMEM
worker-0:499023:500526 [2] NCCL INFO Channel 04/0 : 2[2] -> 1[1] via P2P/CUMEM
worker-1:488696:490071 [6] NCCL INFO Channel 15/0 : 14[6] -> 13[5] via P2P/CUMEM
worker-0:499024:500528 [3] NCCL INFO Channel 00/0 : 3[3] -> 2[2] via P2P/CUMEM
worker-0:499025:500521 [4] NCCL INFO Channel 02/0 : 4[4] -> 3[3] via P2P/CUMEM
worker-0:499023:500526 [2] NCCL INFO Channel 06/0 : 2[2] -> 1[1] via P2P/CUMEM
worker-0:499024:500528 [3] NCCL INFO Channel 04/0 : 3[3] -> 2[2] via P2P/CUMEM
worker-0:499024:500528 [3] NCCL INFO Channel 06/0 : 3[3] -> 2[2] via P2P/CUMEM
worker-0:499023:500526 [2] NCCL INFO Channel 08/0 : 2[2] -> 1[1] via P2P/CUMEM
worker-0:499027:500524 [6] NCCL INFO Channel 00/0 : 6[6] -> 5[5] via P2P/CUMEM
worker-0:499025:500521 [4] NCCL INFO Channel 04/0 : 4[4] -> 3[3] via P2P/CUMEM
worker-0:499023:500526 [2] NCCL INFO Channel 10/0 : 2[2] -> 1[1] via P2P/CUMEM
worker-0:499027:500524 [6] NCCL INFO Channel 02/0 : 6[6] -> 5[5] via P2P/CUMEM
worker-0:499025:500521 [4] NCCL INFO Channel 06/0 : 4[4] -> 3[3] via P2P/CUMEM
worker-0:499024:500528 [3] NCCL INFO Channel 08/0 : 3[3] -> 2[2] via P2P/CUMEM
worker-1:488694:490069 [4] NCCL INFO Channel 11/0 : 12[4] -> 11[3] via P2P/CUMEM
worker-0:499026:500523 [5] NCCL INFO Channel 00/0 : 5[5] -> 4[4] via P2P/CUMEM
worker-0:499026:500523 [5] NCCL INFO Channel 02/0 : 5[5] -> 4[4] via P2P/CUMEM
worker-0:499026:500523 [5] NCCL INFO Channel 06/0 : 5[5] -> 4[4] via P2P/CUMEM
worker-0:499024:500528 [3] NCCL INFO Channel 12/0 : 3[3] -> 2[2] via P2P/CUMEM
worker-0:499025:500521 [4] NCCL INFO Channel 08/0 : 4[4] -> 3[3] via P2P/CUMEM
worker-0:499027:500524 [6] NCCL INFO Channel 04/0 : 6[6] -> 5[5] via P2P/CUMEM
worker-0:499025:500521 [4] NCCL INFO Channel 10/0 : 4[4] -> 3[3] via P2P/CUMEM
worker-0:499023:500526 [2] NCCL INFO Channel 12/0 : 2[2] -> 1[1] via P2P/CUMEM
worker-0:499024:500528 [3] NCCL INFO Channel 14/0 : 3[3] -> 2[2] via P2P/CUMEM
worker-0:499026:500523 [5] NCCL INFO Channel 08/0 : 5[5] -> 4[4] via P2P/CUMEM
worker-0:499025:500521 [4] NCCL INFO Channel 12/0 : 4[4] -> 3[3] via P2P/CUMEM
worker-1:488694:490069 [4] NCCL INFO Channel 13/0 : 12[4] -> 11[3] via P2P/CUMEM
worker-0:499027:500524 [6] NCCL INFO Channel 06/0 : 6[6] -> 5[5] via P2P/CUMEM
worker-0:499023:500526 [2] NCCL INFO Channel 14/0 : 2[2] -> 1[1] via P2P/CUMEM
worker-1:488694:490069 [4] NCCL INFO Channel 15/0 : 12[4] -> 11[3] via P2P/CUMEM
worker-0:499025:500521 [4] NCCL INFO Channel 14/0 : 4[4] -> 3[3] via P2P/CUMEM
worker-0:499026:500523 [5] NCCL INFO Channel 10/0 : 5[5] -> 4[4] via P2P/CUMEM
worker-0:499027:500524 [6] NCCL INFO Channel 08/0 : 6[6] -> 5[5] via P2P/CUMEM
worker-0:499026:500523 [5] NCCL INFO Channel 14/0 : 5[5] -> 4[4] via P2P/CUMEM
worker-0:499027:500524 [6] NCCL INFO Channel 10/0 : 6[6] -> 5[5] via P2P/CUMEM
worker-0:499027:500524 [6] NCCL INFO Channel 12/0 : 6[6] -> 5[5] via P2P/CUMEM
worker-0:499027:500524 [6] NCCL INFO Channel 14/0 : 6[6] -> 5[5] via P2P/CUMEM
worker-0:499022:500525 [1] NCCL INFO Connected all rings, use ring PXN 0 GDR 1
worker-0:499023:500526 [2] NCCL INFO Connected all rings, use ring PXN 0 GDR 1
worker-0:499021:500527 [0] NCCL INFO Connected all rings, use ring PXN 0 GDR 1
worker-0:499026:500523 [5] NCCL INFO Connected all rings, use ring PXN 0 GDR 1
worker-0:499025:500521 [4] NCCL INFO Connected all rings, use ring PXN 0 GDR 1
worker-0:499027:500524 [6] NCCL INFO Connected all rings, use ring PXN 0 GDR 1
worker-0:499024:500528 [3] NCCL INFO Connected all rings, use ring PXN 0 GDR 1
worker-0:499028:500522 [7] NCCL INFO Connected all rings, use ring PXN 0 GDR 1
worker-1:488696:490071 [6] NCCL INFO Connected all rings, use ring PXN 0 GDR 1
worker-1:488697:490067 [7] NCCL INFO Connected all rings, use ring PXN 0 GDR 1
worker-1:488695:490068 [5] NCCL INFO Connected all rings, use ring PXN 0 GDR 1
worker-1:488694:490069 [4] NCCL INFO Connected all rings, use ring PXN 0 GDR 1
worker-1:488690:490070 [0] NCCL INFO Connected all rings, use ring PXN 0 GDR 1
worker-1:488692:490072 [2] NCCL INFO Connected all rings, use ring PXN 0 GDR 1
worker-1:488693:490065 [3] NCCL INFO Connected all rings, use ring PXN 0 GDR 1
worker-1:488691:490066 [1] NCCL INFO Connected all rings, use ring PXN 0 GDR 1
worker-0:499024:501070 [3] NCCL INFO NVLS comm 0x448457d0 headRank 3 nHeads 8 nvlsRanks 8 buffSize 1048576 nvlsPerRankSize 33554432 nvlsTotalSize 268435456
worker-0:499025:501071 [4] NCCL INFO NVLS comm 0x1987f2b0 headRank 4 nHeads 8 nvlsRanks 8 buffSize 1048576 nvlsPerRankSize 33554432 nvlsTotalSize 268435456
worker-0:499021:501072 [0] NCCL INFO NVLS comm 0x22c49f10 headRank 0 nHeads 8 nvlsRanks 8 buffSize 1048576 nvlsPerRankSize 33554432 nvlsTotalSize 268435456
worker-0:499022:501073 [1] NCCL INFO NVLS comm 0x1f94b780 headRank 1 nHeads 8 nvlsRanks 8 buffSize 1048576 nvlsPerRankSize 33554432 nvlsTotalSize 268435456
worker-0:499026:501074 [5] NCCL INFO NVLS comm 0x19059460 headRank 5 nHeads 8 nvlsRanks 8 buffSize 1048576 nvlsPerRankSize 33554432 nvlsTotalSize 268435456
worker-0:499027:501075 [6] NCCL INFO NVLS comm 0x40488050 headRank 6 nHeads 8 nvlsRanks 8 buffSize 1048576 nvlsPerRankSize 33554432 nvlsTotalSize 268435456
worker-0:499028:501082 [7] NCCL INFO NVLS comm 0x1e0909a0 headRank 7 nHeads 8 nvlsRanks 8 buffSize 1048576 nvlsPerRankSize 33554432 nvlsTotalSize 268435456
worker-0:499023:501083 [2] NCCL INFO NVLS comm 0x40f2bab0 headRank 2 nHeads 8 nvlsRanks 8 buffSize 1048576 nvlsPerRankSize 33554432 nvlsTotalSize 268435456
worker-0:499023:501083 [2] NCCL INFO Channel 00/0 : 10[2] -> 2[2] [receive] via NET/IB/6/GDRDMA
worker-0:499024:501070 [3] NCCL INFO Channel 00/0 : 11[3] -> 3[3] [receive] via NET/IB/7/GDRDMA
worker-0:499027:501075 [6] NCCL INFO Channel 00/0 : 14[6] -> 6[6] [receive] via NET/IB/2/GDRDMA
worker-0:499028:501082 [7] NCCL INFO Channel 00/0 : 15[7] -> 7[7] [receive] via NET/IB/3/GDRDMA
worker-0:499022:501073 [1] NCCL INFO Channel 00/0 : 9[1] -> 1[1] [receive] via NET/IB/5/GDRDMA
worker-0:499025:501071 [4] NCCL INFO Channel 00/0 : 12[4] -> 4[4] [receive] via NET/IB/0/GDRDMA
worker-0:499026:501074 [5] NCCL INFO Channel 00/0 : 13[5] -> 5[5] [receive] via NET/IB/1/GDRDMA
worker-0:499023:501083 [2] NCCL INFO Channel 01/0 : 10[2] -> 2[2] [receive] via NET/IB/6/GDRDMA
worker-0:499027:501075 [6] NCCL INFO Channel 01/0 : 14[6] -> 6[6] [receive] via NET/IB/2/GDRDMA
worker-0:499028:501082 [7] NCCL INFO Channel 01/0 : 15[7] -> 7[7] [receive] via NET/IB/3/GDRDMA
worker-0:499024:501070 [3] NCCL INFO Channel 01/0 : 11[3] -> 3[3] [receive] via NET/IB/7/GDRDMA
worker-0:499025:501071 [4] NCCL INFO Channel 01/0 : 12[4] -> 4[4] [receive] via NET/IB/0/GDRDMA
worker-0:499022:501073 [1] NCCL INFO Channel 02/0 : 9[1] -> 1[1] [receive] via NET/IB/5/GDRDMA
worker-0:499021:501072 [0] NCCL INFO Channel 01/0 : 8[0] -> 0[0] [receive] via NET/IB/4/GDRDMA
worker-0:499026:501074 [5] NCCL INFO Channel 01/0 : 13[5] -> 5[5] [receive] via NET/IB/1/GDRDMA
worker-0:499027:501075 [6] NCCL INFO Channel 02/0 : 14[6] -> 6[6] [receive] via NET/IB/2/GDRDMA
worker-0:499023:501083 [2] NCCL INFO Channel 03/0 : 10[2] -> 2[2] [receive] via NET/IB/6/GDRDMA
worker-0:499025:501071 [4] NCCL INFO Channel 02/0 : 12[4] -> 4[4] [receive] via NET/IB/0/GDRDMA
worker-0:499028:501082 [7] NCCL INFO Channel 02/0 : 15[7] -> 7[7] [receive] via NET/IB/3/GDRDMA
worker-0:499024:501070 [3] NCCL INFO Channel 02/0 : 11[3] -> 3[3] [receive] via NET/IB/7/GDRDMA
worker-0:499021:501072 [0] NCCL INFO Channel 02/0 : 8[0] -> 0[0] [receive] via NET/IB/4/GDRDMA
worker-0:499022:501073 [1] NCCL INFO Channel 03/0 : 9[1] -> 1[1] [receive] via NET/IB/5/GDRDMA
worker-0:499027:501075 [6] NCCL INFO Channel 03/0 : 14[6] -> 6[6] [receive] via NET/IB/2/GDRDMA
worker-0:499026:501074 [5] NCCL INFO Channel 02/0 : 13[5] -> 5[5] [receive] via NET/IB/1/GDRDMA
worker-0:499023:501083 [2] NCCL INFO Channel 04/0 : 10[2] -> 2[2] [receive] via NET/IB/6/GDRDMA
worker-0:499028:501082 [7] NCCL INFO Channel 03/0 : 15[7] -> 7[7] [receive] via NET/IB/3/GDRDMA
worker-0:499024:501070 [3] NCCL INFO Channel 04/0 : 11[3] -> 3[3] [receive] via NET/IB/7/GDRDMA
worker-0:499025:501071 [4] NCCL INFO Channel 03/0 : 12[4] -> 4[4] [receive] via NET/IB/0/GDRDMA
worker-0:499021:501072 [0] NCCL INFO Channel 03/0 : 8[0] -> 0[0] [receive] via NET/IB/4/GDRDMA
worker-0:499026:501074 [5] NCCL INFO Channel 03/0 : 13[5] -> 5[5] [receive] via NET/IB/1/GDRDMA
worker-0:499027:501075 [6] NCCL INFO Channel 04/0 : 14[6] -> 6[6] [receive] via NET/IB/2/GDRDMA
worker-0:499022:501073 [1] NCCL INFO Channel 04/0 : 9[1] -> 1[1] [receive] via NET/IB/5/GDRDMA
worker-0:499023:501083 [2] NCCL INFO Channel 05/0 : 10[2] -> 2[2] [receive] via NET/IB/6/GDRDMA
worker-0:499028:501082 [7] NCCL INFO Channel 04/0 : 15[7] -> 7[7] [receive] via NET/IB/3/GDRDMA
worker-0:499021:501072 [0] NCCL INFO Channel 04/0 : 8[0] -> 0[0] [receive] via NET/IB/4/GDRDMA
worker-0:499024:501070 [3] NCCL INFO Channel 05/0 : 11[3] -> 3[3] [receive] via NET/IB/7/GDRDMA
worker-0:499026:501074 [5] NCCL INFO Channel 04/0 : 13[5] -> 5[5] [receive] via NET/IB/1/GDRDMA
worker-0:499027:501075 [6] NCCL INFO Channel 05/0 : 14[6] -> 6[6] [receive] via NET/IB/2/GDRDMA
worker-0:499022:501073 [1] NCCL INFO Channel 05/0 : 9[1] -> 1[1] [receive] via NET/IB/5/GDRDMA
worker-0:499028:501082 [7] NCCL INFO Channel 05/0 : 15[7] -> 7[7] [receive] via NET/IB/3/GDRDMA
worker-0:499023:501083 [2] NCCL INFO Channel 06/0 : 10[2] -> 2[2] [receive] via NET/IB/6/GDRDMA
worker-0:499024:501070 [3] NCCL INFO Channel 06/0 : 11[3] -> 3[3] [receive] via NET/IB/7/GDRDMA
worker-0:499025:501071 [4] NCCL INFO Channel 05/0 : 12[4] -> 4[4] [receive] via NET/IB/0/GDRDMA
worker-0:499021:501072 [0] NCCL INFO Channel 05/0 : 8[0] -> 0[0] [receive] via NET/IB/4/GDRDMA
worker-0:499027:501075 [6] NCCL INFO Channel 07/0 : 14[6] -> 6[6] [receive] via NET/IB/2/GDRDMA
worker-0:499026:501074 [5] NCCL INFO Channel 06/0 : 13[5] -> 5[5] [receive] via NET/IB/1/GDRDMA
worker-0:499022:501073 [1] NCCL INFO Channel 06/0 : 9[1] -> 1[1] [receive] via NET/IB/5/GDRDMA
worker-0:499021:501072 [0] NCCL INFO Channel 06/0 : 8[0] -> 0[0] [receive] via NET/IB/4/GDRDMA
worker-0:499028:501082 [7] NCCL INFO Channel 06/0 : 15[7] -> 7[7] [receive] via NET/IB/3/GDRDMA
worker-0:499023:501083 [2] NCCL INFO Channel 07/0 : 10[2] -> 2[2] [receive] via NET/IB/6/GDRDMA
worker-0:499024:501070 [3] NCCL INFO Channel 07/0 : 11[3] -> 3[3] [receive] via NET/IB/7/GDRDMA
worker-0:499025:501071 [4] NCCL INFO Channel 06/0 : 12[4] -> 4[4] [receive] via NET/IB/0/GDRDMA
worker-0:499027:501075 [6] NCCL INFO Channel 08/0 : 14[6] -> 6[6] [receive] via NET/IB/2/GDRDMA
worker-0:499026:501074 [5] NCCL INFO Channel 07/0 : 13[5] -> 5[5] [receive] via NET/IB/1/GDRDMA
worker-0:499021:501072 [0] NCCL INFO Channel 07/0 : 8[0] -> 0[0] [receive] via NET/IB/4/GDRDMA
worker-0:499022:501073 [1] NCCL INFO Channel 07/0 : 9[1] -> 1[1] [receive] via NET/IB/5/GDRDMA
worker-0:499028:501082 [7] NCCL INFO Channel 08/0 : 15[7] -> 7[7] [receive] via NET/IB/3/GDRDMA
worker-0:499024:501070 [3] NCCL INFO Channel 08/0 : 11[3] -> 3[3] [receive] via NET/IB/7/GDRDMA
worker-0:499025:501071 [4] NCCL INFO Channel 07/0 : 12[4] -> 4[4] [receive] via NET/IB/0/GDRDMA
worker-0:499023:501083 [2] NCCL INFO Channel 08/0 : 10[2] -> 2[2] [receive] via NET/IB/6/GDRDMA
worker-0:499026:501074 [5] NCCL INFO Channel 08/0 : 13[5] -> 5[5] [receive] via NET/IB/1/GDRDMA
worker-0:499021:501072 [0] NCCL INFO Channel 09/0 : 8[0] -> 0[0] [receive] via NET/IB/4/GDRDMA
worker-0:499027:501075 [6] NCCL INFO Channel 09/0 : 14[6] -> 6[6] [receive] via NET/IB/2/GDRDMA
worker-0:499022:501073 [1] NCCL INFO Channel 08/0 : 9[1] -> 1[1] [receive] via NET/IB/5/GDRDMA
worker-0:499028:501082 [7] NCCL INFO Channel 09/0 : 15[7] -> 7[7] [receive] via NET/IB/3/GDRDMA
worker-0:499025:501071 [4] NCCL INFO Channel 08/0 : 12[4] -> 4[4] [receive] via NET/IB/0/GDRDMA
worker-0:499024:501070 [3] NCCL INFO Channel 09/0 : 11[3] -> 3[3] [receive] via NET/IB/7/GDRDMA
worker-0:499023:501083 [2] NCCL INFO Channel 09/0 : 10[2] -> 2[2] [receive] via NET/IB/6/GDRDMA
worker-0:499021:501072 [0] NCCL INFO Channel 10/0 : 8[0] -> 0[0] [receive] via NET/IB/4/GDRDMA
worker-0:499026:501074 [5] NCCL INFO Channel 09/0 : 13[5] -> 5[5] [receive] via NET/IB/1/GDRDMA
worker-0:499027:501075 [6] NCCL INFO Channel 10/0 : 14[6] -> 6[6] [receive] via NET/IB/2/GDRDMA
worker-0:499025:501071 [4] NCCL INFO Channel 09/0 : 12[4] -> 4[4] [receive] via NET/IB/0/GDRDMA
worker-0:499028:501082 [7] NCCL INFO Channel 10/0 : 15[7] -> 7[7] [receive] via NET/IB/3/GDRDMA
worker-0:499022:501073 [1] NCCL INFO Channel 10/0 : 9[1] -> 1[1] [receive] via NET/IB/5/GDRDMA
worker-0:499024:501070 [3] NCCL INFO Channel 10/0 : 11[3] -> 3[3] [receive] via NET/IB/7/GDRDMA
worker-0:499023:501083 [2] NCCL INFO Channel 11/0 : 10[2] -> 2[2] [receive] via NET/IB/6/GDRDMA
worker-0:499021:501072 [0] NCCL INFO Channel 11/0 : 8[0] -> 0[0] [receive] via NET/IB/4/GDRDMA
worker-0:499026:501074 [5] NCCL INFO Channel 10/0 : 13[5] -> 5[5] [receive] via NET/IB/1/GDRDMA
worker-0:499025:501071 [4] NCCL INFO Channel 10/0 : 12[4] -> 4[4] [receive] via NET/IB/0/GDRDMA
worker-0:499028:501082 [7] NCCL INFO Channel 11/0 : 15[7] -> 7[7] [receive] via NET/IB/3/GDRDMA
worker-0:499027:501075 [6] NCCL INFO Channel 11/0 : 14[6] -> 6[6] [receive] via NET/IB/2/GDRDMA
worker-0:499024:501070 [3] NCCL INFO Channel 12/0 : 11[3] -> 3[3] [receive] via NET/IB/7/GDRDMA
worker-0:499022:501073 [1] NCCL INFO Channel 11/0 : 9[1] -> 1[1] [receive] via NET/IB/5/GDRDMA
worker-0:499021:501072 [0] NCCL INFO Channel 12/0 : 8[0] -> 0[0] [receive] via NET/IB/4/GDRDMA
worker-0:499023:501083 [2] NCCL INFO Channel 12/0 : 10[2] -> 2[2] [receive] via NET/IB/6/GDRDMA
worker-0:499026:501074 [5] NCCL INFO Channel 11/0 : 13[5] -> 5[5] [receive] via NET/IB/1/GDRDMA
worker-0:499025:501071 [4] NCCL INFO Channel 11/0 : 12[4] -> 4[4] [receive] via NET/IB/0/GDRDMA
worker-0:499027:501075 [6] NCCL INFO Channel 12/0 : 14[6] -> 6[6] [receive] via NET/IB/2/GDRDMA
worker-0:499028:501082 [7] NCCL INFO Channel 12/0 : 15[7] -> 7[7] [receive] via NET/IB/3/GDRDMA
worker-0:499022:501073 [1] NCCL INFO Channel 12/0 : 9[1] -> 1[1] [receive] via NET/IB/5/GDRDMA
worker-0:499024:501070 [3] NCCL INFO Channel 13/0 : 11[3] -> 3[3] [receive] via NET/IB/7/GDRDMA
worker-0:499021:501072 [0] NCCL INFO Channel 13/0 : 8[0] -> 0[0] [receive] via NET/IB/4/GDRDMA
worker-0:499023:501083 [2] NCCL INFO Channel 13/0 : 10[2] -> 2[2] [receive] via NET/IB/6/GDRDMA
worker-0:499025:501071 [4] NCCL INFO Channel 13/0 : 12[4] -> 4[4] [receive] via NET/IB/0/GDRDMA
worker-0:499026:501074 [5] NCCL INFO Channel 12/0 : 13[5] -> 5[5] [receive] via NET/IB/1/GDRDMA
worker-0:499027:501075 [6] NCCL INFO Channel 13/0 : 14[6] -> 6[6] [receive] via NET/IB/2/GDRDMA
worker-0:499028:501082 [7] NCCL INFO Channel 13/0 : 15[7] -> 7[7] [receive] via NET/IB/3/GDRDMA
worker-0:499024:501070 [3] NCCL INFO Channel 14/0 : 11[3] -> 3[3] [receive] via NET/IB/7/GDRDMA
